// Jest Snapshot v1, https://goo.gl/fbAQLP

exports[`should render snapshot 1`] = `
<span
  class="logo logo-resource logo-fish"
>
  <img
    alt="fish"
    src="logo-fish.png"
  />
</span>
`;
