// Jest Snapshot v1, https://goo.gl/fbAQLP

exports[`should render snapshot 1`] = `
<span
  class="logo logo-action logo-flip"
>
  <img
    alt="flip"
    src="logo-flip.png"
  />
</span>
`;
