// Jest Snapshot v1, https://goo.gl/fbAQLP

exports[`should render snapshot 1`] = `
<span
  class="logo logo-action logo-rotate"
>
  <img
    alt="rotate"
    src="logo-rotate.png"
  />
</span>
`;
