// Jest Snapshot v1, https://goo.gl/fbAQLP

exports[`should render snapshot 1`] = `
<span
  class="logo logo-common logo-star"
>
  <img
    alt="star"
    src="logo-star.png"
  />
</span>
`;
