// Jest Snapshot v1, https://goo.gl/fbAQLP

exports[`should render snapshot 1`] = `
<span
  class="logo logo-common logo-start"
>
  <img
    alt="start"
    src="logo-start-white.png"
  />
</span>
`;
