// Jest Snapshot v1, https://goo.gl/fbAQLP

exports[`should render snapshot 1`] = `
<span
  class="logo logo-resource logo-stone"
>
  <img
    alt="stone"
    src="logo-stone-small.png"
  />
</span>
`;
