// Jest Snapshot v1, https://goo.gl/fbAQLP

exports[`should render snapshot 1`] = `
<span
  class="logo logo-action logo-store"
>
  <img
    alt="store"
    src="logo-store.png"
  />
</span>
`;
